// Jest Snapshot v1, https://goo.gl/fbAQLP

exports[`renders correctly 1`] = `
<div
  className="css-1jreqdg"
>
  <audio
    preload="none"
    src={undefined}
  />
</div>
`;
